Last login: Sun Dec 22 14:57:19 on ttys000

The default interactive shell is now zsh.
To update your account to use zsh, please run `chsh -s /bin/zsh`.
For more details, please visit https://support.apple.com/kb/HT208050.
(base) Omkars-MacBook-Pro-2:~ omkarkatta$ cd Desktop
(base) Omkars-MacBook-Pro-2:Desktop omkarkatta$ jekyll new kattaoa.github.io
Running bundle install in /Users/omkarkatta/Desktop/kattaoa.github.io... 
  Bundler: Fetching gem metadata from https://rubygems.org/...........
  Bundler: Fetching gem metadata from https://rubygems.org/.
  Bundler: Resolving dependencies...
  Bundler: Using public_suffix 4.0.1
  Bundler: Using addressable 2.7.0
  Bundler: Using bundler 2.1.2
  Bundler: Using colorator 1.1.0
  Bundler: Using concurrent-ruby 1.1.5
  Bundler: Using eventmachine 1.2.7
  Bundler: Using http_parser.rb 0.6.0
  Bundler: Using em-websocket 0.5.1
  Bundler: Using ffi 1.11.3
  Bundler: Using forwardable-extended 2.6.0
  Bundler: Using i18n 1.7.0
  Bundler: Using sassc 2.2.1
  Bundler: Using jekyll-sass-converter 2.0.1
  Bundler: Using rb-fsevent 0.10.3
  Bundler: Using rb-inotify 0.10.0
  Bundler: Using listen 3.2.1
  Bundler: Using jekyll-watch 2.2.1
  Bundler: Using kramdown 2.1.0
  Bundler: Using kramdown-parser-gfm 1.1.0
  Bundler: Using liquid 4.0.3
  Bundler: Using mercenary 0.3.6
  Bundler: Using pathutil 0.16.2
  Bundler: Using rouge 3.14.0
  Bundler: Using safe_yaml 1.0.5
  Bundler: Using unicode-display_width 1.6.0
  Bundler: Using terminal-table 1.8.0
  Bundler: Using jekyll 4.0.0
  Bundler: Using jekyll-feed 0.13.0
  Bundler: Using jekyll-seo-tag 2.6.1
  Bundler: Using minima 2.5.1
  Bundler: Bundle complete! 6 Gemfile dependencies, 30 gems now installed.
  Bundler: Use `bundle info [gemname]` to see where a bundled gem is installed.
New jekyll site installed in /Users/omkarkatta/Desktop/kattaoa.github.io. 
(base) Omkars-MacBook-Pro-2:Desktop omkarkatta$ cd kattaoa.github.io
(base) Omkars-MacBook-Pro-2:kattaoa.github.io omkarkatta$ git init
Initialized empty Git repository in /Users/omkarkatta/Desktop/kattaoa.github.io/.git/
(base) Omkars-MacBook-Pro-2:kattaoa.github.io omkarkatta$ git checkout -b master
Switched to a new branch 'master'
(base) Omkars-MacBook-Pro-2:kattaoa.github.io omkarkatta$ git status
On branch master

No commits yet

Untracked files:
  (use "git add <file>..." to include in what will be committed)

	.gitignore
	404.html
	Gemfile
	Gemfile.lock
	_config.yml
	_posts/
	about.markdown
	index.markdown

nothing added to commit but untracked files present (use "git add" to track)
(base) Omkars-MacBook-Pro-2:kattaoa.github.io omkarkatta$ git add .
(base) Omkars-MacBook-Pro-2:kattaoa.github.io omkarkatta$ git commit -m "initial commit"
[master (root-commit) 02bceca] initial commit
 8 files changed, 252 insertions(+)
 create mode 100644 .gitignore
 create mode 100644 404.html
 create mode 100644 Gemfile
 create mode 100644 Gemfile.lock
 create mode 100644 _config.yml
 create mode 100644 _posts/2019-12-22-welcome-to-jekyll.markdown
 create mode 100644 about.markdown
 create mode 100644 index.markdown
(base) Omkars-MacBook-Pro-2:kattaoa.github.io omkarkatta$ git remote add origin https://github.com/kattaoa/kattaoa.github.io.git
(base) Omkars-MacBook-Pro-2:kattaoa.github.io omkarkatta$ git push origin master
Enumerating objects: 11, done.
Counting objects: 100% (11/11), done.
Delta compression using up to 8 threads
Compressing objects: 100% (11/11), done.
Writing objects: 100% (11/11), 4.35 KiB | 4.35 MiB/s, done.
Total 11 (delta 0), reused 0 (delta 0)
To https://github.com/kattaoa/kattaoa.github.io.git
 * [new branch]      master -> master
(base) Omkars-MacBook-Pro-2:kattaoa.github.io omkarkatta$ git status
On branch master
nothing to commit, working tree clean
(base) Omkars-MacBook-Pro-2:kattaoa.github.io omkarkatta$ pwd
/Users/omkarkatta/Desktop/kattaoa.github.io
(base) Omkars-MacBook-Pro-2:kattaoa.github.io omkarkatta$ 
